2026-05-15 13:53:50 WARN  TestNGContentHandler:133 - It is strongly recommended to add "<!DOCTYPE suite SYSTEM "https://testng.org/testng-1.1.dtd" >" at the top of the suite file [C:\Automation\seleniumWebDriver\Opencart\grouping.xml] otherwise TestNG may fail or not work as expected.
2026-05-15 13:53:51 INFO  Utils:112 - [TestNG] Running:
  C:\Automation\seleniumWebDriver\Opencart\grouping.xml

2026-05-15 13:55:42 WARN  TestNGContentHandler:133 - It is strongly recommended to add "<!DOCTYPE suite SYSTEM "https://testng.org/testng-1.1.dtd" >" at the top of the suite file [C:\Automation\seleniumWebDriver\Opencart\grouping.xml] otherwise TestNG may fail or not work as expected.
2026-05-15 13:55:43 INFO  Utils:112 - [TestNG] Running:
  C:\Automation\seleniumWebDriver\Opencart\grouping.xml

2026-05-15 13:55:53 INFO  TC001_AccountRegistrationTest:17 - *** Starting TC001_AccountRegistrationTest ***
2026-05-15 13:55:53 INFO  TC001_AccountRegistrationTest:20 - Clicking My Account
2026-05-15 13:55:54 INFO  TC001_AccountRegistrationTest:22 - Clicking Register
2026-05-15 13:55:54 INFO  TC001_AccountRegistrationTest:27 - Providing Customer Details
2026-05-15 13:55:56 INFO  TC001_AccountRegistrationTest:36 - Clicking CheckBox and Button
2026-05-15 13:55:58 INFO  TC001_AccountRegistrationTest:57 - *** Finished TC001_AccountRegistrationTest ***
2026-05-15 13:56:11 INFO  TC002_LoginTest:16 - ***Starting TC002_Verify_Login***
2026-05-15 13:56:14 INFO  TC002_LoginTest:44 - ***Finished TC002_Verify_Login***
2026-05-15 13:56:24 INFO  TC004_Checkout_Validation:16 - Starting TC004_Checkout_Validation
2026-05-15 13:56:25 INFO  TC004_Checkout_Validation:24 - Adding Macbook in Cart
2026-05-15 13:56:25 INFO  TC004_Checkout_Validation:29 - Adding Iphone in Cart
2026-05-15 16:31:59 WARN  TestNGContentHandler:133 - It is strongly recommended to add "<!DOCTYPE suite SYSTEM "https://testng.org/testng-1.1.dtd" >" at the top of the suite file [C:\Automation\seleniumWebDriver\Opencart\grouping.xml] otherwise TestNG may fail or not work as expected.
2026-05-15 16:31:59 INFO  Utils:112 - [TestNG] Running:
  C:\Automation\seleniumWebDriver\Opencart\grouping.xml

2026-05-15 16:32:05 INFO  TC004_Checkout_Validation:17 - Starting TC004_Checkout_Validation
2026-05-15 16:32:05 INFO  TC004_Checkout_Validation:25 - Adding Macbook in Cart
2026-05-15 16:32:05 INFO  TC004_Checkout_Validation:30 - Proceding To Checkout Section
2026-05-15 16:32:06 INFO  TC004_Checkout_Validation:35 - Finished TC004_Checkout_Validation
